#0 building with "default" instance using docker driver

#1 [internal] load build definition from Dockerfile
#1 transferring dockerfile: 1.30kB done
#1 DONE 0.0s

#2 [internal] load metadata for docker.io/library/alpine:latest
#2 DONE 0.0s

#3 [internal] load .dockerignore
#3 transferring context: 2B done
#3 DONE 0.0s

#4 [internal] load build context
#4 transferring context: 194B done
#4 DONE 0.0s

#5 [builder 1/5] FROM docker.io/library/alpine:latest@sha256:25109184c71bdad752c8312a8623239686a9a2071e8825f20acb8f2198c3f659
#5 resolve docker.io/library/alpine:latest@sha256:25109184c71bdad752c8312a8623239686a9a2071e8825f20acb8f2198c3f659 0.0s done
#5 CACHED

#6 [stage-1  2/14] RUN apk add --no-cache tree-sitter-grammars libintl libgcc
#6 ...

#7 [stage-1  8/14] ADD https://github.com/nvim-lua/plenary.nvim.git /home/nvim/.local/share/nvim/site/pack/plenary.nvim/start/plenary.nvim
#7 0.375 ref: refs/heads/master	HEAD
#7 0.375 74b06c6c75e4eeb3108ec01852001636d85a932b	HEAD
#7 0.820 74b06c6c75e4eeb3108ec01852001636d85a932b	refs/heads/master
#7 DONE 0.8s

#8 [stage-1 11/14] ADD https://github.com/nvim-lualine/lualine.nvim.git /home/nvim/.local/share/nvim/site/pack/lualine.nvim/start/lualine.nvim
#8 0.371 ref: refs/heads/master	HEAD
#8 0.371 a905eeebc4e63fdc48b5135d3bf8aea5618fb21c	HEAD
#8 0.830 a905eeebc4e63fdc48b5135d3bf8aea5618fb21c	refs/heads/master
#8 DONE 0.8s

#9 [stage-1 12/14] ADD https://github.com/folke/zen-mode.nvim.git /home/nvim/.local/share/nvim/site/pack/zen-mode.nvim/start/zen-mode.nvim
#9 0.509 ref: refs/heads/main	HEAD
#9 0.509 8564ce6d29ec7554eb9df578efa882d33b3c23a7	HEAD
#9 1.010 8564ce6d29ec7554eb9df578efa882d33b3c23a7	refs/heads/main
#9 DONE 1.0s

#10 [stage-1  9/14] ADD https://github.com/nvim-telescope/telescope.nvim.git /home/nvim/.local/share/nvim/site/pack/telescope.nvim/start/telescope.nvim
#10 0.567 ref: refs/heads/master	HEAD
#10 0.567 028d9a0695a0cc4cfa893889f8c408ed7ccc8adc	HEAD
#10 1.159 028d9a0695a0cc4cfa893889f8c408ed7ccc8adc	refs/heads/master
#10 CACHED

#11 [builder 3/5] ADD --keep-git-dir=true https://github.com/neovim/neovim.git#release-0.12 /neovim
#11 1.115 c6b5eb30de14d9a40ffbd3c448c75c5da53146ff	refs/heads/release-0.12
#11 DONE 1.1s

#12 [builder 3/5] ADD --keep-git-dir=true https://github.com/neovim/neovim.git#release-0.12 /neovim
#12 CACHED

#13 [builder 4/5] WORKDIR /neovim
#13 CACHED

#14 [builder 2/5] RUN apk add --no-cache     git     build-base     linux-headers     cmake     gettext-dev     unzip     curl     ninja
#14 CACHED

#15 [builder 5/5] RUN make CMAKE_BUILD_TYPE=Release CMAKE_INSTALL_PREFIX=/opt/nvim install
#15 CACHED

#7 [stage-1  8/14] ADD https://github.com/nvim-lua/plenary.nvim.git /home/nvim/.local/share/nvim/site/pack/plenary.nvim/start/plenary.nvim
#7 CACHED

#16 [stage-1 10/14] ADD https://github.com/folke/tokyonight.nvim.git /home/nvim/.local/share/nvim/site/pack/tokyonight.nvim/start/tokyonight.nvim
#16 0.329 ref: refs/heads/main	HEAD
#16 0.329 cdc07ac78467a233fd62c493de29a17e0cf2b2b6	HEAD
#16 1.150 cdc07ac78467a233fd62c493de29a17e0cf2b2b6	refs/heads/main
#16 CACHED

#8 [stage-1 11/14] ADD https://github.com/nvim-lualine/lualine.nvim.git /home/nvim/.local/share/nvim/site/pack/lualine.nvim/start/lualine.nvim
#8 CACHED

#9 [stage-1 12/14] ADD https://github.com/folke/zen-mode.nvim.git /home/nvim/.local/share/nvim/site/pack/zen-mode.nvim/start/zen-mode.nvim
#9 CACHED

#6 [stage-1  2/14] RUN apk add --no-cache tree-sitter-grammars libintl libgcc
#6 1.595 ( 1/43) Installing libgcc (15.2.0-r2)
#6 1.648 ( 2/43) Installing libintl (0.24.1-r1)
#6 1.677 ( 3/43) Installing tree-sitter-grammars (0.25.10-r0)
#6 1.677 ( 4/43) Installing tree-sitter-embedded-template (0.23.2-r1)
#6 1.702 ( 5/43) Installing tree-sitter-javascript (0.23.1-r1)
#6 1.741 ( 6/43) Installing tree-sitter-ruby (0.23.1-r1)
#6 1.822 ( 7/43) Installing tree-sitter-java (0.23.5-r1)
#6 1.861 ( 8/43) Installing tree-sitter-php (0.24.2-r0)
#6 1.945 ( 9/43) Installing tree-sitter-elm (5.8.0-r1)
#6 1.980 (10/43) Installing tree-sitter-toml (0.5.1-r3)
#6 2.003 (11/43) Installing tree-sitter-python (0.23.6-r1)
#6 2.044 (12/43) Installing tree-sitter-typescript (0.23.2-r1)
#6 2.148 (13/43) Installing tree-sitter-elixir (0.3.4-r1)
#6 2.211 (14/43) Installing tree-sitter-vim (0.7.0-r0)
#6 2.274 (15/43) Installing tree-sitter-query (0.7.0-r0)
#6 2.296 (16/43) Installing tree-sitter-xml (0.7.0-r1)
#6 2.324 (17/43) Installing tree-sitter-json (0.24.8-r1)
#6 2.345 (18/43) Installing tree-sitter-yaml (0.7.2-r0)
#6 2.375 (19/43) Installing tree-sitter-go-mod (1.0.1-r0)
#6 2.398 (20/43) Installing tree-sitter-ron (0.2.0-r1)
#6 2.426 (21/43) Installing tree-sitter-vimdoc (4.0.0-r0)
#6 2.465 (22/43) Installing tree-sitter-rust (0.24.0-r1)
#6 2.558 (23/43) Installing tree-sitter-lua (0.3.0-r1)
#6 2.617 (24/43) Installing tree-sitter-latex (0.6.0-r0)
#6 2.761 (25/43) Installing tree-sitter-ssh-client-config (2026.4.16-r0)
#6 2.816 (26/43) Installing tree-sitter-cmake (0.7.1-r0)
#6 2.844 (27/43) Installing tree-sitter-go (0.25.0-r0)
#6 2.877 (28/43) Installing tree-sitter-ini (1.4.0-r0)
#6 2.898 (29/43) Installing tree-sitter-jsdoc (0.23.2-r1)
#6 2.920 (30/43) Installing tree-sitter-markdown (0.5.3-r0)
#6 2.987 (31/43) Installing tree-sitter-kotlin (0.3.8-r1)
#6 3.124 (32/43) Installing tree-sitter-regex (1.0.0-r1)
#6 3.146 (33/43) Installing tree-sitter-scheme (0.24.7_p1-r0)
#6 3.172 (34/43) Installing tree-sitter-css (0.23.2-r1)
#6 3.200 (35/43) Installing tree-sitter-c (0.24.1-r0)
#6 3.246 (36/43) Installing tree-sitter-bash (0.25.0-r0)
#6 3.318 (37/43) Installing tree-sitter-comment (0.3.0-r1)
#6 3.339 (38/43) Installing tree-sitter-nix (0.3.0-r0)
#6 3.364 (39/43) Installing tree-sitter-cpp (0.23.4-r0)
#6 3.457 (40/43) Installing tree-sitter-julia (0.23.1-r0)
#6 3.637 (41/43) Installing tree-sitter-scala (0.24.0-r0)
#6 3.774 (42/43) Installing tree-sitter-html (0.23.2-r1)
#6 3.795 (43/43) Installing tree-sitter-c-sharp (0.23.5-r0)
#6 3.926 OK: 49.1 MiB in 59 packages
#6 DONE 4.0s

#17 [stage-1  3/14] COPY --from=builder /opt/nvim /usr/local
#17 DONE 0.4s

#18 [stage-1  4/14] RUN adduser --disabled-password --gecos "" nvim
#18 DONE 0.3s

#19 [stage-1  5/14] RUN mkdir /workspace && chown nvim:users /workspace
#19 DONE 0.3s

#20 [stage-1  6/14] WORKDIR /workspace
#20 DONE 0.1s

#21 [stage-1  7/14] RUN mkdir -p /home/nvim/.local/share/nvim/site/pack
#21 DONE 0.3s

#22 [stage-1  8/14] ADD https://github.com/nvim-lua/plenary.nvim.git /home/nvim/.local/share/nvim/site/pack/plenary.nvim/start/plenary.nvim
#22 DONE 0.1s

#23 [stage-1  9/14] ADD https://github.com/nvim-telescope/telescope.nvim.git /home/nvim/.local/share/nvim/site/pack/telescope.nvim/start/telescope.nvim
#23 DONE 0.2s

#24 [stage-1 10/14] ADD https://github.com/folke/tokyonight.nvim.git /home/nvim/.local/share/nvim/site/pack/tokyonight.nvim/start/tokyonight.nvim
#24 DONE 0.2s

#25 [stage-1 11/14] ADD https://github.com/nvim-lualine/lualine.nvim.git /home/nvim/.local/share/nvim/site/pack/lualine.nvim/start/lualine.nvim
#25 DONE 0.1s

#26 [stage-1 12/14] ADD https://github.com/folke/zen-mode.nvim.git /home/nvim/.local/share/nvim/site/pack/zen-mode.nvim/start/zen-mode.nvim
#26 DONE 0.1s

#27 [stage-1 13/14] COPY init.lua /home/nvim/.config/nvim/
#27 DONE 0.1s

#28 [stage-1 14/14] COPY ./lua /home/nvim/.config/nvim/lua
#28 DONE 0.1s

#29 exporting to image
#29 exporting layers
#29 exporting layers 4.3s done
#29 exporting manifest sha256:bcccddb5ef59e4c3369bba1aa323df055f9b39667125dd6335ae16da4da97f0f 0.0s done
#29 exporting config sha256:30777c4e4cc6a1bb563aa773a43aa80da94f113142ebfb9e87b5abc4b432310d 0.0s done
#29 exporting attestation manifest sha256:f2657f83705398a11c41e253f89abff4cb5902ed6f30660410bf3255eab611fb 0.0s done
#29 exporting manifest list sha256:12391ecd07d1f88eef281b1525f144b3d98f95cb219dd9542a08b8cfde8fc6ae 0.0s done
#29 naming to docker.io/hcssmith/nvim-container:latest done
#29 unpacking to docker.io/hcssmith/nvim-container:latest
#29 unpacking to docker.io/hcssmith/nvim-container:latest 1.4s done
#29 DONE 5.9s
